2026-09-21 16:34:03,582 INFO Processing /store_new/mch/msrad/radar/swiss/data/hdf5/2016/16001/CPCHhdf516001.zip
/users/wolfensb/github_repos/MLCast_mch/create_mlcast_zarr.py:651: UserWarning: no explicit representation of timezones available for np.datetime64
  t64 = np.datetime64(
/users/wolfensb/github_repos/MLCast_mch/create_mlcast_zarr.py:709: UserWarning: no explicit representation of timezones available for np.datetime64
  times64 = np.asarray(
2026-09-21 16:34:11,873 INFO Writing 288 timesteps: 2016-01-01T00:00:00.000000000 -> 2016-01-01T23:55:00.000000000
2026-09-21 16:34:12,692 INFO Processing /store_new/mch/msrad/radar/swiss/data/hdf5/2016/16002/CPCHhdf516002.zip
/users/wolfensb/github_repos/MLCast_mch/create_mlcast_zarr.py:651: UserWarning: no explicit representation of timezones available for np.datetime64
  t64 = np.datetime64(
/users/wolfensb/github_repos/MLCast_mch/create_mlcast_zarr.py:709: UserWarning: no explicit representation of timezones available for np.datetime64
  times64 = np.asarray(
2026-09-21 16:34:22,545 INFO Writing 288 timesteps: 2016-01-02T00:00:00.000000000 -> 2016-01-02T23:55:00.000000000
2026-09-21 16:34:23,225 WARNING Consolidated metadata not found for /store_new/mch/msrad/radar/MLCast/CPC5.zarr; opening unconsolidated
2026-09-21 16:34:26,446 INFO Processing /store_new/mch/msrad/radar/swiss/data/hdf5/2016/16003/CPCHhdf516003.zip
/users/wolfensb/github_repos/MLCast_mch/create_mlcast_zarr.py:651: UserWarning: no explicit representation of timezones available for np.datetime64
  t64 = np.datetime64(
/users/wolfensb/github_repos/MLCast_mch/create_mlcast_zarr.py:709: UserWarning: no explicit representation of timezones available for np.datetime64
  times64 = np.asarray(
2026-09-21 16:34:34,970 INFO Writing 288 timesteps: 2016-01-03T00:00:00.000000000 -> 2016-01-03T23:55:00.000000000
2026-09-21 16:34:36,528 INFO Processing /store_new/mch/msrad/radar/swiss/data/hdf5/2016/16004/CPCHhdf516004.zip
/users/wolfensb/github_repos/MLCast_mch/create_mlcast_zarr.py:651: UserWarning: no explicit representation of timezones available for np.datetime64
  t64 = np.datetime64(
/users/wolfensb/github_repos/MLCast_mch/create_mlcast_zarr.py:709: UserWarning: no explicit representation of timezones available for np.datetime64
  times64 = np.asarray(
2026-09-21 16:34:41,376 INFO Writing 288 timesteps: 2016-01-04T00:00:00.000000000 -> 2016-01-04T23:55:00.000000000
2026-09-21 16:34:42,755 INFO Processing /store_new/mch/msrad/radar/swiss/data/hdf5/2016/16005/CPCHhdf516005.zip
/users/wolfensb/github_repos/MLCast_mch/create_mlcast_zarr.py:651: UserWarning: no explicit representation of timezones available for np.datetime64
  t64 = np.datetime64(
/users/wolfensb/github_repos/MLCast_mch/create_mlcast_zarr.py:709: UserWarning: no explicit representation of timezones available for np.datetime64
  times64 = np.asarray(
2026-09-21 16:34:47,463 INFO Writing 288 timesteps: 2016-01-05T00:00:00.000000000 -> 2016-01-05T23:55:00.000000000
2026-09-21 16:34:48,579 INFO Processing /store_new/mch/msrad/radar/swiss/data/hdf5/2016/16006/CPCHhdf516006.zip
/users/wolfensb/github_repos/MLCast_mch/create_mlcast_zarr.py:651: UserWarning: no explicit representation of timezones available for np.datetime64
  t64 = np.datetime64(
/users/wolfensb/github_repos/MLCast_mch/create_mlcast_zarr.py:709: UserWarning: no explicit representation of timezones available for np.datetime64
  times64 = np.asarray(
2026-09-21 16:34:52,936 INFO Writing 288 timesteps: 2016-01-06T00:00:00.000000000 -> 2016-01-06T23:55:00.000000000
2026-09-21 16:34:54,044 INFO Processing /store_new/mch/msrad/radar/swiss/data/hdf5/2016/16007/CPCHhdf516007.zip
/users/wolfensb/github_repos/MLCast_mch/create_mlcast_zarr.py:651: UserWarning: no explicit representation of timezones available for np.datetime64
  t64 = np.datetime64(
/users/wolfensb/github_repos/MLCast_mch/create_mlcast_zarr.py:709: UserWarning: no explicit representation of timezones available for np.datetime64
  times64 = np.asarray(
2026-09-21 16:34:59,690 INFO Writing 288 timesteps: 2016-01-07T00:00:00.000000000 -> 2016-01-07T23:55:00.000000000
2026-09-21 16:35:01,058 INFO Processing /store_new/mch/msrad/radar/swiss/data/hdf5/2016/16008/CPCHhdf516008.zip
/users/wolfensb/github_repos/MLCast_mch/create_mlcast_zarr.py:651: UserWarning: no explicit representation of timezones available for np.datetime64
  t64 = np.datetime64(
/users/wolfensb/github_repos/MLCast_mch/create_mlcast_zarr.py:709: UserWarning: no explicit representation of timezones available for np.datetime64
  times64 = np.asarray(
2026-09-21 16:35:06,010 INFO Writing 288 timesteps: 2016-01-08T00:00:00.000000000 -> 2016-01-08T23:55:00.000000000
2026-09-21 16:35:07,236 INFO Processing /store_new/mch/msrad/radar/swiss/data/hdf5/2016/16009/CPCHhdf516009.zip
/users/wolfensb/github_repos/MLCast_mch/create_mlcast_zarr.py:651: UserWarning: no explicit representation of timezones available for np.datetime64
  t64 = np.datetime64(
/users/wolfensb/github_repos/MLCast_mch/create_mlcast_zarr.py:709: UserWarning: no explicit representation of timezones available for np.datetime64
  times64 = np.asarray(
2026-09-21 16:35:11,942 INFO Writing 288 timesteps: 2016-01-09T00:00:00.000000000 -> 2016-01-09T23:55:00.000000000
2026-09-21 16:35:13,310 INFO Processing /store_new/mch/msrad/radar/swiss/data/hdf5/2016/16010/CPCHhdf516010.zip
/users/wolfensb/github_repos/MLCast_mch/create_mlcast_zarr.py:651: UserWarning: no explicit representation of timezones available for np.datetime64
  t64 = np.datetime64(
/users/wolfensb/github_repos/MLCast_mch/create_mlcast_zarr.py:709: UserWarning: no explicit representation of timezones available for np.datetime64
  times64 = np.asarray(
2026-09-21 16:35:13,719 INFO Writing 1 timesteps: 2016-01-10T00:00:00.000000000 -> 2016-01-10T00:00:00.000000000
2026-09-21 16:35:13,895 WARNING Consolidated metadata not found for /store_new/mch/msrad/radar/MLCast/CPC5.zarr; opening unconsolidated
2026-09-21 16:35:13,924 INFO Dataset starts at 2016-01-01T00:00:00
2026-09-21 16:35:13,925 INFO Found 0 missing expected timesteps
2026-09-21 16:35:14,054 INFO Finished writing /store_new/mch/msrad/radar/MLCast/CPC5.zarr
