2026-09-21 16:34:03,581 INFO Processing /store_new/mch/msrad/radar/swiss/data/hdf5/2016/16001/CPCHhdf516001.zip
/users/wolfensb/github_repos/MLCast_mch/create_mlcast_zarr.py:651: UserWarning: no explicit representation of timezones available for np.datetime64
  t64 = np.datetime64(
/users/wolfensb/github_repos/MLCast_mch/create_mlcast_zarr.py:709: UserWarning: no explicit representation of timezones available for np.datetime64
  times64 = np.asarray(
2026-09-21 16:34:10,357 INFO Writing 24 timesteps: 2016-01-01T00:00:00.000000000 -> 2016-01-01T23:00:00.000000000
2026-09-21 16:34:11,076 INFO Processing /store_new/mch/msrad/radar/swiss/data/hdf5/2016/16002/CPCHhdf516002.zip
/users/wolfensb/github_repos/MLCast_mch/create_mlcast_zarr.py:651: UserWarning: no explicit representation of timezones available for np.datetime64
  t64 = np.datetime64(
/users/wolfensb/github_repos/MLCast_mch/create_mlcast_zarr.py:709: UserWarning: no explicit representation of timezones available for np.datetime64
  times64 = np.asarray(
2026-09-21 16:34:14,071 INFO Writing 24 timesteps: 2016-01-02T00:00:00.000000000 -> 2016-01-02T23:00:00.000000000
2026-09-21 16:34:14,079 WARNING Consolidated metadata not found for /store_new/mch/msrad/radar/MLCast/CPC60.zarr; opening unconsolidated
2026-09-21 16:34:14,446 INFO Processing /store_new/mch/msrad/radar/swiss/data/hdf5/2016/16003/CPCHhdf516003.zip
/users/wolfensb/github_repos/MLCast_mch/create_mlcast_zarr.py:651: UserWarning: no explicit representation of timezones available for np.datetime64
  t64 = np.datetime64(
/users/wolfensb/github_repos/MLCast_mch/create_mlcast_zarr.py:709: UserWarning: no explicit representation of timezones available for np.datetime64
  times64 = np.asarray(
2026-09-21 16:34:15,492 INFO Writing 24 timesteps: 2016-01-03T00:00:00.000000000 -> 2016-01-03T23:00:00.000000000
2026-09-21 16:34:15,685 INFO Processing /store_new/mch/msrad/radar/swiss/data/hdf5/2016/16004/CPCHhdf516004.zip
/users/wolfensb/github_repos/MLCast_mch/create_mlcast_zarr.py:651: UserWarning: no explicit representation of timezones available for np.datetime64
  t64 = np.datetime64(
/users/wolfensb/github_repos/MLCast_mch/create_mlcast_zarr.py:709: UserWarning: no explicit representation of timezones available for np.datetime64
  times64 = np.asarray(
2026-09-21 16:34:16,992 INFO Writing 24 timesteps: 2016-01-04T00:00:00.000000000 -> 2016-01-04T23:00:00.000000000
2026-09-21 16:34:17,193 INFO Processing /store_new/mch/msrad/radar/swiss/data/hdf5/2016/16005/CPCHhdf516005.zip
/users/wolfensb/github_repos/MLCast_mch/create_mlcast_zarr.py:651: UserWarning: no explicit representation of timezones available for np.datetime64
  t64 = np.datetime64(
/users/wolfensb/github_repos/MLCast_mch/create_mlcast_zarr.py:709: UserWarning: no explicit representation of timezones available for np.datetime64
  times64 = np.asarray(
2026-09-21 16:34:18,089 INFO Writing 24 timesteps: 2016-01-05T00:00:00.000000000 -> 2016-01-05T23:00:00.000000000
2026-09-21 16:34:21,266 INFO Processing /store_new/mch/msrad/radar/swiss/data/hdf5/2016/16006/CPCHhdf516006.zip
/users/wolfensb/github_repos/MLCast_mch/create_mlcast_zarr.py:651: UserWarning: no explicit representation of timezones available for np.datetime64
  t64 = np.datetime64(
/users/wolfensb/github_repos/MLCast_mch/create_mlcast_zarr.py:709: UserWarning: no explicit representation of timezones available for np.datetime64
  times64 = np.asarray(
2026-09-21 16:34:23,028 INFO Writing 24 timesteps: 2016-01-06T00:00:00.000000000 -> 2016-01-06T23:00:00.000000000
2026-09-21 16:34:23,777 INFO Processing /store_new/mch/msrad/radar/swiss/data/hdf5/2016/16007/CPCHhdf516007.zip
/users/wolfensb/github_repos/MLCast_mch/create_mlcast_zarr.py:651: UserWarning: no explicit representation of timezones available for np.datetime64
  t64 = np.datetime64(
/users/wolfensb/github_repos/MLCast_mch/create_mlcast_zarr.py:709: UserWarning: no explicit representation of timezones available for np.datetime64
  times64 = np.asarray(
2026-09-21 16:34:25,160 INFO Writing 24 timesteps: 2016-01-07T00:00:00.000000000 -> 2016-01-07T23:00:00.000000000
2026-09-21 16:34:25,394 INFO Processing /store_new/mch/msrad/radar/swiss/data/hdf5/2016/16008/CPCHhdf516008.zip
/users/wolfensb/github_repos/MLCast_mch/create_mlcast_zarr.py:651: UserWarning: no explicit representation of timezones available for np.datetime64
  t64 = np.datetime64(
/users/wolfensb/github_repos/MLCast_mch/create_mlcast_zarr.py:709: UserWarning: no explicit representation of timezones available for np.datetime64
  times64 = np.asarray(
2026-09-21 16:34:26,895 INFO Writing 24 timesteps: 2016-01-08T00:00:00.000000000 -> 2016-01-08T23:00:00.000000000
2026-09-21 16:34:27,078 INFO Processing /store_new/mch/msrad/radar/swiss/data/hdf5/2016/16009/CPCHhdf516009.zip
/users/wolfensb/github_repos/MLCast_mch/create_mlcast_zarr.py:651: UserWarning: no explicit representation of timezones available for np.datetime64
  t64 = np.datetime64(
/users/wolfensb/github_repos/MLCast_mch/create_mlcast_zarr.py:709: UserWarning: no explicit representation of timezones available for np.datetime64
  times64 = np.asarray(
2026-09-21 16:34:28,400 INFO Writing 24 timesteps: 2016-01-09T00:00:00.000000000 -> 2016-01-09T23:00:00.000000000
2026-09-21 16:34:28,805 INFO Processing /store_new/mch/msrad/radar/swiss/data/hdf5/2016/16010/CPCHhdf516010.zip
/users/wolfensb/github_repos/MLCast_mch/create_mlcast_zarr.py:651: UserWarning: no explicit representation of timezones available for np.datetime64
  t64 = np.datetime64(
/users/wolfensb/github_repos/MLCast_mch/create_mlcast_zarr.py:709: UserWarning: no explicit representation of timezones available for np.datetime64
  times64 = np.asarray(
2026-09-21 16:34:29,142 INFO Writing 1 timesteps: 2016-01-10T00:00:00.000000000 -> 2016-01-10T00:00:00.000000000
2026-09-21 16:34:32,314 WARNING Consolidated metadata not found for /store_new/mch/msrad/radar/MLCast/CPC60.zarr; opening unconsolidated
2026-09-21 16:34:32,603 INFO Dataset starts at 2016-01-01T00:00:00
2026-09-21 16:34:32,606 INFO Found 0 missing expected timesteps
2026-09-21 16:34:32,740 INFO Finished writing /store_new/mch/msrad/radar/MLCast/CPC60.zarr
